
Starting the DC solver at Tue Sep  2 11:21:02 2025
Creating the DC design
..parsing the options file 
..using NUMBER_OF_PROCESSORS = 12
..parsing the layout file 
..parsing the stimulus file 
..extracting the connectivity 
..extracting the substrate 
Initializing electric analysis
Electric analysis
..loading the electric component models
..electric matrix size: 23675
..loading the electric matrix equation
..solving the electric matrix equation
.........|.........|.........|.........|
..max voltage: 3.2995
..writing the output files
Electric N-port analysis
..number of ports: 15
..loading the electric component models
..electric matrix size: 23675
..loading the electric matrix equation
..solving the electric matrix equation
.........|.........|.........|.........|
..writing the model file
DC solver resources
..elapsed time: 0.9 s
..user time: 6.0 s
..physical memory: 65 MB
..virtual memory: 86 MB

