Generating Mesh	1.09009
Generating Mesh\Assigning Materials 	0.108483
Generating Mesh\Reading Design 	0.351073
Generating Mesh\Reading Design \Reading Design	0.260598
Generating Mesh\Reading Design \Reading Design\Do Smart Slicing	0.0046863
Generating Mesh\Reading Design \Reading Design\Simplifying Design	0.163726
Generating Mesh\Refining Surface Mesh	0.388071
Generating Mesh\Refining Surface Mesh\Checking via	7.43e-05
Generating Mesh\Refining Surface Mesh\Convert Local Mesh to Global Mesh	0.035419
Generating Mesh\Refining Surface Mesh\Detecting Connectivity Problems	0.0089817
Generating Mesh\Refining Surface Mesh\Insert pins MT	0.0771568
Generating Mesh\Refining Surface Mesh\Locating Pins	0.0554822
Generating Mesh\Refining Surface Mesh\Locating Pins\Locating instances on layers	0.0413308
Generating Mesh\Refining Surface Mesh\Locating Pins\Locating pins on layers	0.0141257
Generating Mesh\Refining Surface Mesh\Looking for Electrically Isolated Patches 	0.0175382
Generating Mesh\Refining Surface Mesh\Mark electrical interconnects	0.0125375
Generating Mesh\Refining Surface Mesh\Marking Degenerate Elements	0.0047124
Generating Mesh\Refining Surface Mesh\Marking Vias	0.0056852
Generating Mesh\Refining Surface Mesh\Marking thickness for non-circular vias	0.0003069
Generating Mesh\Refining Surface Mesh\Pruning Surface Mesh 	0.017641
Generating Mesh\Refining Surface Mesh\Recovering surface attributes 	0.0026802
Generating Mesh\Refining Surface Mesh\Writing ASCII surface mesh file 	0.12009
Generating Mesh\Refining Surface Mesh\Writing BINARY surface mesh file 	0.0100601
Generating Mesh\SurfaceMesher	0.234402
Generating Mesh\SurfaceMesher\Generating surface mesh 	0.228697
Generating Mesh\SurfaceMesher\Generating surface mesh \Checking surface mesh consistency	0.0058926
Generating Mesh\SurfaceMesher\Generating surface mesh \Computing Aabbs	0.0009727
Generating Mesh\SurfaceMesher\Generating surface mesh \Convert Global Mesh into Local Meshes	0.0210735
Generating Mesh\SurfaceMesher\Generating surface mesh \Convert Global Mesh into Local Meshes\Stabilizing mesh	4.1e-05
Generating Mesh\SurfaceMesher\Generating surface mesh \Faceting	0.197565
Generating Mesh\SurfaceMesher\Generating surface mesh \Faceting\1D faceting	0.110215
Generating Mesh\SurfaceMesher\Generating surface mesh \Faceting\1D faceting\1D meshing	0.10442
Generating Mesh\SurfaceMesher\Generating surface mesh \Faceting\2D faceting	0.0838352
Generating Mesh\SurfaceMesher\Generating surface mesh \Faceting\2D faceting\2D meshing	0.0838242
