Removed Pin From Net: NetName=3V3 Pin=U?-6
Removed Pin From Net: NetName=GND Pin=U?-16
Removed Pin From Net: NetName=3V3 Pin=U?-17
Removed Pin From Net: NetName=3V3 Pin=U?-30
Removed Pin From Net: NetName=GND Pin=U?-31
Removed Pin From Net: NetName=3V3 Pin=U?-32
Removed Pin From Net: NetName=3V3 Pin=U?-33
Removed Pin From Net: NetName=GND Pin=U?-38
Removed Pin From Net: NetName=3V3 Pin=U?-39
Removed Pin From Net: NetName=GND Pin=U?-51
Removed Pin From Net: NetName=3V3 Pin=U?-52
Removed Pin From Net: NetName=GND Pin=U?-61
Removed Pin From Net: NetName=3V3 Pin=U?-62
Removed Pin From Net: NetName=VCAP2 Pin=U?-71
Removed Pin From Net: NetName=3V3 Pin=U?-72
Removed Pin From Net: NetName=GND Pin=U?-83
Removed Pin From Net: NetName=3V3 Pin=U?-84
Removed Pin From Net: NetName=GND Pin=U?-94
Removed Pin From Net: NetName=3V3 Pin=U?-95
Removed Pin From Net: NetName=VCAP1 Pin=U?-106
Removed Pin From Net: NetName=GND Pin=U?-107
Removed Pin From Net: NetName=3V3 Pin=U?-108
Removed Pin From Net: NetName=GND Pin=U?-120
Removed Pin From Net: NetName=3V3 Pin=U?-121
Removed Pin From Net: NetName=GND Pin=U?-130
Removed Pin From Net: NetName=3V3 Pin=U?-131
Removed Pin From Net: NetName=3V3 Pin=U?-143
Removed Pin From Net: NetName=3V3 Pin=U?-144
Removed Member From Class: ClassName=MCU_Main Member=U?
Removed Member From Class: ClassName=Power_Distribution Member=U?
Change Component Designator: OldDesignator=IC9 NewDesignator=IC10
Change Component Designator: OldDesignator=IC? NewDesignator=IC9
Change Component Designator: OldDesignator=Q? NewDesignator=Q1
Change Component Designator: OldDesignator=U? NewDesignator=U1
Added Pin To Net: NetName=3V3 Pin=U1-6
Added Pin To Net: NetName=GND Pin=U1-16
Added Pin To Net: NetName=3V3 Pin=U1-17
Added Pin To Net: NetName=3V3 Pin=U1-30
Added Pin To Net: NetName=GND Pin=U1-31
Added Pin To Net: NetName=3V3 Pin=U1-32
Added Pin To Net: NetName=3V3 Pin=U1-33
Added Pin To Net: NetName=GND Pin=U1-38
Added Pin To Net: NetName=3V3 Pin=U1-39
Added Pin To Net: NetName=GND Pin=U1-51
Added Pin To Net: NetName=3V3 Pin=U1-52
Added Pin To Net: NetName=GND Pin=U1-61
Added Pin To Net: NetName=3V3 Pin=U1-62
Added Pin To Net: NetName=VCAP2 Pin=U1-71
Added Pin To Net: NetName=3V3 Pin=U1-72
Added Pin To Net: NetName=GND Pin=U1-83
Added Pin To Net: NetName=3V3 Pin=U1-84
Added Pin To Net: NetName=GND Pin=U1-94
Added Pin To Net: NetName=3V3 Pin=U1-95
Added Pin To Net: NetName=VCAP1 Pin=U1-106
Added Pin To Net: NetName=GND Pin=U1-107
Added Pin To Net: NetName=3V3 Pin=U1-108
Added Pin To Net: NetName=GND Pin=U1-120
Added Pin To Net: NetName=3V3 Pin=U1-121
Added Pin To Net: NetName=GND Pin=U1-130
Added Pin To Net: NetName=3V3 Pin=U1-131
Added Pin To Net: NetName=3V3 Pin=U1-143
Added Pin To Net: NetName=3V3 Pin=U1-144
Added Member To Class: ClassName=Power_Distribution Member=Component U1 STM32H750ZBT
