Added Component: Designator=J7(B04BPASK1LFSN_)
Add component (AddParameter): Name = "Arrow Part Number"; Value = ""; VariantName = "[No Variations]"
Add component (AddParameter): Name = "Arrow Price/Stock"; Value = ""; VariantName = "[No Variations]"
Add component (AddParameter): Name = "Datasheet Link"; Value = "https://www.jst-mfg.com/product/pdf/eng/ePA-F.pdf"; VariantName = "[No Variations]"
Add component (AddParameter): Name = "Height"; Value = "7.7mm"; VariantName = "[No Variations]"
Add component (AddParameter): Name = "Manufacturer_Name"; Value = "JST (JAPAN SOLDERLESS TERMINALS)"; VariantName = "[No Variations]"
Add component (AddParameter): Name = "Manufacturer_Part_Number"; Value = "B04B-PASK-1 (LF)(SN)"; VariantName = "[No Variations]"
Add component (AddParameter): Name = "Mouser Part Number"; Value = ""; VariantName = "[No Variations]"
Add component (AddParameter): Name = "Mouser Price/Stock"; Value = ""; VariantName = "[No Variations]"
Added Component: Designator=J?(SHDRRA6W50P0X200_1X6_1430X1050X570P)
Add component (AddParameter): Name = "Arrow Part Number"; Value = "35363-0660"; VariantName = "[No Variations]"
Add component (AddParameter): Name = "Arrow Price/Stock"; Value = "https://www.arrow.com/en/products/35363-0660/molex?region=nac"; VariantName = "[No Variations]"
Add component (AddParameter): Name = "Datasheet Link"; Value = "https://www.molex.com/pdm_docs/sd/353630660_sd.pdf"; VariantName = "[No Variations]"
Add component (AddParameter): Name = "Height"; Value = "5.7mm"; VariantName = "[No Variations]"
Add component (AddParameter): Name = "Manufacturer_Name"; Value = "Molex"; VariantName = "[No Variations]"
Add component (AddParameter): Name = "Manufacturer_Part_Number"; Value = "35363-0660"; VariantName = "[No Variations]"
Add component (AddParameter): Name = "Mouser Part Number"; Value = "538-35363-0660"; VariantName = "[No Variations]"
Add component (AddParameter): Name = "Mouser Price/Stock"; Value = "https://www.mouser.co.uk/ProductDetail/Molex/35363-0660?qs=4af%252Baitv3aadi9wVeW98XQ%3D%3D"; VariantName = "[No Variations]"
Added Pin To Net: NetName=GND Pin=J7-1
Added Pin To Net: NetName=RF_UART_TX Pin=J7-2
Added Pin To Net: NetName=RF_UART_RX Pin=J7-3
Added Pin To Net: NetName=GND Pin=J7-4
Added Member To Class: ClassName=Connectors Member=Component J7 B04B-PASK-1__LF__SN_
Added Member To Class: ClassName=Connectors Member=Component J? 35363-0860
Added Member To Class: ClassName=Connectors Member=Component J? 353630460
