Removed Member From Class: ClassName=Support_Peripherals Member=C32
Removed Member From Class: ClassName=Support_Peripherals Member=C39
Removed Member From Class: ClassName=Support_Peripherals Member=C40
Removed Member From Class: ClassName=Support_Peripherals Member=C41
Removed Member From Class: ClassName=Support_Peripherals Member=IC9
Removed Member From Class: ClassName=Support_Peripherals Member=R22
Removed Member From Class: ClassName=AD_Sensors Member=R33
Removed Member From Class: ClassName=AD_Sensors Member=R34
Removed Member From Class: ClassName=Support_Peripherals Member=R35
Removed Member From Class: ClassName=Support_Peripherals Member=R36
Removed Member From Class: ClassName=Support_Peripherals Member=R37
Removed Member From Class: ClassName=Support_Peripherals Member=R38
Added Pin To Net: NetName=BOOT0 Pin=J3-8
Added Pin To Net: NetName=NRST Pin=JP1-1
Added Pin To Net: NetName=PWM6 Pin=U2-9
Added Pin To Net: NetName=PWM7 Pin=U2-10
Added Pin To Net: NetName=PWM8 Pin=U2-12
Added Pin To Net: NetName=PWM9 Pin=U2-13
Added Pin To Net: NetName=OB_I2C_SCL Pin=U2-23
Added Pin To Net: NetName=OB_I2C_SDA Pin=U2-24
Added Member To Class: ClassName=AD_Sensors Member=Component C31 100nF
Added Member To Class: ClassName=AD_Sensors Member=Component C33 100nF
Added Member To Class: ClassName=Support_Peripherals Member=Component C34 100nF
Added Member To Class: ClassName=Support_Peripherals Member=Component C35 100nF
Added Member To Class: ClassName=Support_Peripherals Member=Component C36 100nF
Added Member To Class: ClassName=Support_Peripherals Member=Component C37 100nF
Added Member To Class: ClassName=Support_Peripherals Member=Component IC7 MAX3443EESA+
Added Member To Class: ClassName=Support_Peripherals Member=Component IC8 INA219AIDR
Added Member To Class: ClassName=MCU_Main Member=Component R3 1k
Added Member To Class: ClassName=MCU_Main Member=Component R5 1k
Added Member To Class: ClassName=MCU_Main Member=Component R7 1k
Added Member To Class: ClassName=AD_Sensors Member=Component R22 1k
Added Member To Class: ClassName=AD_Sensors Member=Component R23 1k
Added Member To Class: ClassName=Support_Peripherals Member=Component R24 10k
Added Member To Class: ClassName=Support_Peripherals Member=Component R25 120
Added Member To Class: ClassName=Support_Peripherals Member=Component R26 10k
Added Member To Class: ClassName=Support_Peripherals Member=Component R27 10k
Added Member To Class: ClassName=Support_Peripherals Member=Component R29 10k
