Removed Pin From Net: NetName=RF_UART_RX Pin=J6-2
Removed Pin From Net: NetName=RF_UART_TX Pin=J6-3
Removed Member From Class: ClassName=Programming_Interface Member=R6
Removed Member From Class: ClassName=Memory Member=R29
Added Pin To Net: NetName=RF_UART_TX Pin=J6-2
Added Pin To Net: NetName=RF_UART_RX Pin=J6-3
Added Member To Class: ClassName=MCU_Main Member=Component R2 1k
Added Member To Class: ClassName=MCU_Main Member=Component R4 1k
Added Member To Class: ClassName=MCU_Main Member=Component R6 1k
Added Member To Class: ClassName=Programming_Interface Member=Component R7 27
Added Member To Class: ClassName=Programming_Interface Member=Component R9 5k1
Added Member To Class: ClassName=Programming_Interface Member=Component R11 10k
Added Member To Class: ClassName=Programming_Interface Member=Component R13 10k
Added Member To Class: ClassName=AD_Sensors Member=Component R15 10k
Added Member To Class: ClassName=AD_Sensors Member=Component R17 10k
Added Member To Class: ClassName=AD_Sensors Member=Component R20 1k
Added Member To Class: ClassName=Support_Peripherals Member=Component R23 10k
Added Member To Class: ClassName=Support_Peripherals Member=Component R25 10k
Added Member To Class: ClassName=Support_Peripherals Member=Component R28 1k
Added Member To Class: ClassName=Memory Member=Component R30 10k
Added Member To Class: ClassName=Memory Member=Component R32 10k
Added Member To Class: ClassName=Memory Member=Component R34 10k
