Change Component Designator: OldDesignator=J? NewDesignator=J5
Change Component Designator: OldDesignator=J? NewDesignator=J6
Change Component Designator: OldDesignator=J? NewDesignator=J7
Change Component Designator: OldDesignator=J? NewDesignator=J8
Change Component Designator: OldDesignator=J? NewDesignator=J9
Change Component Designator: OldDesignator=J? NewDesignator=J10
Change Component Designator: OldDesignator=J? NewDesignator=J11
Change Component Designator: OldDesignator=J? NewDesignator=J12
Change Component Designator: OldDesignator=J? NewDesignator=J13
Add Net: Net with name "BOOT0" already exists
Add Net: Net with name "NRST" already exists
Add Net: Net with name "PWM0" already exists
Add Net: Net with name "PWM1" already exists
Add Net: Net with name "PWM2" already exists
Add Net: Net with name "PWM3" already exists
Add Net: Net with name "PWM4" already exists
Add Net: Net with name "PWM5" already exists
Add Net: Net with name "PWM6" already exists
Add Net: Net with name "PWM7" already exists
Add Net: Net with name "PWM8" already exists
Add Net: Net with name "PWM9" already exists
Add Net: Net with name "PWM10" already exists
Added Member To Class: ClassName=Connectors Member=Component J5 SM04B-SRSS-TB__LF__SN_
Added Member To Class: ClassName=Connectors Member=Component J6 SM04B-SRSS-TB__LF__SN_
Added Member To Class: ClassName=Connectors Member=Component J7 M40-4010646R
Added Member To Class: ClassName=Connectors Member=Component J8 SM04B-SRSS-TB__LF__SN_
Added Member To Class: ClassName=Connectors Member=Component J9 SM04B-SRSS-TB__LF__SN_
Added Member To Class: ClassName=Connectors Member=Component J10 SM03B-SRSS-TB___LF__SN_
Added Member To Class: ClassName=Connectors Member=Component J11 SM07B-SRSS-TB_LF__SN_
Added Member To Class: ClassName=Connectors Member=Component J13 SM04B-SRSS-TB__LF__SN_
Added Rule: Name=Schematic Supply Nets_5
