Remove Pin from Net: Failed to remove Pin
Removed Member From Class: ClassName=AD_Sensors Member=R?
Change Component Designator: OldDesignator=C30 NewDesignator=C29
Change Component Designator: OldDesignator=C31 NewDesignator=C30
Change Component Designator: OldDesignator=C32 NewDesignator=C31
Change Component Designator: OldDesignator=C33 NewDesignator=C32
Change Component Designator: OldDesignator=C34 NewDesignator=C33
Change Component Designator: OldDesignator=C35 NewDesignator=C39
Change Component Designator: OldDesignator=C36 NewDesignator=C40
Change Component Designator: OldDesignator=C37 NewDesignator=C41
Change Component Designator: OldDesignator=C? NewDesignator=C34
Change Component Designator: OldDesignator=C? NewDesignator=C37
Change Component Designator: OldDesignator=C? NewDesignator=C38
Change Component Designator: OldDesignator=IC7 NewDesignator=IC9
Change Component Designator: OldDesignator=IC? NewDesignator=IC7
Change Component Designator: OldDesignator=IC? NewDesignator=IC8
Change Component Designator: OldDesignator=J9 NewDesignator=J6
Change Component Designator: OldDesignator=J11 NewDesignator=J5
Change Component Designator: OldDesignator=LS? NewDesignator=LS1
Change Component Designator: OldDesignator=Q? NewDesignator=Q1
Change Component Designator: OldDesignator=R3 NewDesignator=R7
Change Component Designator: OldDesignator=R4 NewDesignator=R3
Change Component Designator: OldDesignator=R5 NewDesignator=R4
Change Component Designator: OldDesignator=R6 NewDesignator=R5
Change Component Designator: OldDesignator=R7 NewDesignator=R6
Change Component Designator: OldDesignator=R22 NewDesignator=R33
Change Component Designator: OldDesignator=R23 NewDesignator=R34
Change Component Designator: OldDesignator=R24 NewDesignator=R35
Change Component Designator: OldDesignator=R25 NewDesignator=R36
Change Component Designator: OldDesignator=R26 NewDesignator=R37
Change Component Designator: OldDesignator=R27 NewDesignator=R38
Change Component Designator: OldDesignator=R? NewDesignator=R22
Change Component Designator: OldDesignator=R? NewDesignator=R23
Change Component Designator: OldDesignator=R? NewDesignator=R24
Change Component Designator: OldDesignator=R? NewDesignator=R25
Change Component Designator: OldDesignator=R? NewDesignator=R26
Change Component Designator: OldDesignator=R? NewDesignator=R27
Change Component Designator: OldDesignator=R? NewDesignator=R28
Change Component Designator: OldDesignator=R? NewDesignator=R29
Change Component Designator: OldDesignator=R? NewDesignator=R30
Change Component Designator: OldDesignator=R? NewDesignator=R31
Change Component Designator: OldDesignator=R? NewDesignator=R32
Change Component Designator: OldDesignator=RSHN? NewDesignator=RSHN1
Change Component Designator: OldDesignator=U? NewDesignator=U2
Added Component: Designator=C35(CAPC1608X90X35ML10T15)
Add component (AddParameter): Name = "Capacitance"; Value = "100nF"; VariantName = "[No Variations]"
Add component (AddParameter): Name = "Case Code (Imperial)"; Value = "0603"; VariantName = "[No Variations]"
Add component (AddParameter): Name = "Case Code (Metric)"; Value = "1608"; VariantName = "[No Variations]"
Add component (AddParameter): Name = "Case/Package"; Value = "0603"; VariantName = "[No Variations]"
Add component (AddParameter): Name = "Contact Plating"; Value = "Tin"; VariantName = "[No Variations]"
Add component (AddParameter): Name = "Datasheet URL"; Value = "http://psearch.en.murata.com/capacitor/product/GRM188R71H104KA93%23.pdf"; VariantName = "[No Variations]"
Add component (AddParameter): Name = "Datasheet Version"; Value = "42675.0"; VariantName = "[No Variations]"
Add component (AddParameter): Name = "Depth"; Value = "0.8mm"; VariantName = "[No Variations]"
Add component (AddParameter): Name = "Dielectric"; Value = "X7R"; VariantName = "[No Variations]"
Add component (AddParameter): Name = "Dielectric Material"; Value = "Ceramic"; VariantName = "[No Variations]"
Add component (AddParameter): Name = "Height"; Value = "0.8mm"; VariantName = "[No Variations]"
Add component (AddParameter): Name = "Insulation Resistance"; Value = "10GR"; VariantName = "[No Variations]"
Add component (AddParameter): Name = "Lead Free"; Value = "LeadFree"; VariantName = "[No Variations]"
Add component (AddParameter): Name = "Length"; Value = "1.6mm"; VariantName = "[No Variations]"
Add component (AddParameter): Name = "Manufacturer"; Value = "Murata"; VariantName = "[No Variations]"
Add component (AddParameter): Name = "Manufacturer URL"; Value = "http://www.murata.com/"; VariantName = "[No Variations]"
Add component (AddParameter): Name = "Material"; Value = "Ceramic"; VariantName = "[No Variations]"
Add component (AddParameter): Name = "Max Operating Temperature"; Value = "125degC"; VariantName = "[No Variations]"
Add component (AddParameter): Name = "Min Operating Temperature"; Value = "-55degC"; VariantName = "[No Variations]"
Add component (AddParameter): Name = "Mount"; Value = "SurfaceMount"; VariantName = "[No Variations]"
Add component (AddParameter): Name = "Number of Pins"; Value = "2"; VariantName = "[No Variations]"
Add component (AddParameter): Name = "Package Description"; Value = "2-Pin Surface Mount Device, Body 1.6 x 0.8 mm"; VariantName = "[No Variations]"
Add component (AddParameter): Name = "Package Quantity"; Value = "1"; VariantName = "[No Variations]"
Add component (AddParameter): Name = "Package Reference"; Value = "0603"; VariantName = "[No Variations]"
Add component (AddParameter): Name = "Packaging"; Value = "TapeandReel"; VariantName = "[No Variations]"
Add component (AddParameter): Name = "Radiation Hardening"; Value = "No"; VariantName = "[No Variations]"
Add component (AddParameter): Name = "REACH SVHC"; Value = "NoSVHC"; VariantName = "[No Variations]"
Add component (AddParameter): Name = "RoHSCompliant"; Value = "true"; VariantName = "[No Variations]"
Add component (AddParameter): Name = "Termination"; Value = "SMD/SMT"; VariantName = "[No Variations]"
Add component (AddParameter): Name = "Thickness"; Value = "0.035inch"; VariantName = "[No Variations]"
Add component (AddParameter): Name = "Tolerance"; Value = "10%"; VariantName = "[No Variations]"
Add component (AddParameter): Name = "Voltage"; Value = "50V"; VariantName = "[No Variations]"
Add component (AddParameter): Name = "Voltage Rating"; Value = "50V"; VariantName = "[No Variations]"
Add component (AddParameter): Name = "Voltage Rating (DC)"; Value = "50V"; VariantName = "[No Variations]"
Add component (AddParameter): Name = "Width"; Value = "0.8mm"; VariantName = "[No Variations]"
Added Component: Designator=C36(CAPC1608X90X35ML10T15)
Add component (AddParameter): Name = "Capacitance"; Value = "100nF"; VariantName = "[No Variations]"
Add component (AddParameter): Name = "Case Code (Imperial)"; Value = "0603"; VariantName = "[No Variations]"
Add component (AddParameter): Name = "Case Code (Metric)"; Value = "1608"; VariantName = "[No Variations]"
Add component (AddParameter): Name = "Case/Package"; Value = "0603"; VariantName = "[No Variations]"
Add component (AddParameter): Name = "Contact Plating"; Value = "Tin"; VariantName = "[No Variations]"
Add component (AddParameter): Name = "Datasheet URL"; Value = "http://psearch.en.murata.com/capacitor/product/GRM188R71H104KA93%23.pdf"; VariantName = "[No Variations]"
Add component (AddParameter): Name = "Datasheet Version"; Value = "42675.0"; VariantName = "[No Variations]"
Add component (AddParameter): Name = "Depth"; Value = "0.8mm"; VariantName = "[No Variations]"
Add component (AddParameter): Name = "Dielectric"; Value = "X7R"; VariantName = "[No Variations]"
Add component (AddParameter): Name = "Dielectric Material"; Value = "Ceramic"; VariantName = "[No Variations]"
Add component (AddParameter): Name = "Height"; Value = "0.8mm"; VariantName = "[No Variations]"
Add component (AddParameter): Name = "Insulation Resistance"; Value = "10GR"; VariantName = "[No Variations]"
Add component (AddParameter): Name = "Lead Free"; Value = "LeadFree"; VariantName = "[No Variations]"
Add component (AddParameter): Name = "Length"; Value = "1.6mm"; VariantName = "[No Variations]"
Add component (AddParameter): Name = "Manufacturer"; Value = "Murata"; VariantName = "[No Variations]"
Add component (AddParameter): Name = "Manufacturer URL"; Value = "http://www.murata.com/"; VariantName = "[No Variations]"
Add component (AddParameter): Name = "Material"; Value = "Ceramic"; VariantName = "[No Variations]"
Add component (AddParameter): Name = "Max Operating Temperature"; Value = "125degC"; VariantName = "[No Variations]"
Add component (AddParameter): Name = "Min Operating Temperature"; Value = "-55degC"; VariantName = "[No Variations]"
Add component (AddParameter): Name = "Mount"; Value = "SurfaceMount"; VariantName = "[No Variations]"
Add component (AddParameter): Name = "Number of Pins"; Value = "2"; VariantName = "[No Variations]"
Add component (AddParameter): Name = "Package Description"; Value = "2-Pin Surface Mount Device, Body 1.6 x 0.8 mm"; VariantName = "[No Variations]"
Add component (AddParameter): Name = "Package Quantity"; Value = "1"; VariantName = "[No Variations]"
Add component (AddParameter): Name = "Package Reference"; Value = "0603"; VariantName = "[No Variations]"
Add component (AddParameter): Name = "Packaging"; Value = "TapeandReel"; VariantName = "[No Variations]"
Add component (AddParameter): Name = "Radiation Hardening"; Value = "No"; VariantName = "[No Variations]"
Add component (AddParameter): Name = "REACH SVHC"; Value = "NoSVHC"; VariantName = "[No Variations]"
Add component (AddParameter): Name = "RoHSCompliant"; Value = "true"; VariantName = "[No Variations]"
Add component (AddParameter): Name = "Termination"; Value = "SMD/SMT"; VariantName = "[No Variations]"
Add component (AddParameter): Name = "Thickness"; Value = "0.035inch"; VariantName = "[No Variations]"
Add component (AddParameter): Name = "Tolerance"; Value = "10%"; VariantName = "[No Variations]"
Add component (AddParameter): Name = "Voltage"; Value = "50V"; VariantName = "[No Variations]"
Add component (AddParameter): Name = "Voltage Rating"; Value = "50V"; VariantName = "[No Variations]"
Add component (AddParameter): Name = "Voltage Rating (DC)"; Value = "50V"; VariantName = "[No Variations]"
Add component (AddParameter): Name = "Width"; Value = "0.8mm"; VariantName = "[No Variations]"
Added Component: Designator=FB1(FP-BLM21-0_2-t0_85-e0_5-IPC_C)
Add component (AddParameter): Name = "Case Code (Imperial)"; Value = "0805"; VariantName = "[No Variations]"
Add component (AddParameter): Name = "Case Code (Metric)"; Value = "2012"; VariantName = "[No Variations]"
Add component (AddParameter): Name = "Case/Package"; Value = "0805"; VariantName = "[No Variations]"
Add component (AddParameter): Name = "Core Material"; Value = "Ferrite"; VariantName = "[No Variations]"
Add component (AddParameter): Name = "Current Rating"; Value = "1.5A"; VariantName = "[No Variations]"
Add component (AddParameter): Name = "DC Current"; Value = "1.5A"; VariantName = "[No Variations]"
Add component (AddParameter): Name = "DC Resistance (DCR)"; Value = "70mR"; VariantName = "[No Variations]"
Add component (AddParameter): Name = "Depth"; Value = "1.25mm"; VariantName = "[No Variations]"
Add component (AddParameter): Name = "Height"; Value = "0.85mm"; VariantName = "[No Variations]"
Add component (AddParameter): Name = "Impedance"; Value = "330R"; VariantName = "[No Variations]"
Add component (AddParameter): Name = "Lead Free"; Value = "Lead Free"; VariantName = "[No Variations]"
Add component (AddParameter): Name = "Length"; Value = "2mm"; VariantName = "[No Variations]"
Add component (AddParameter): Name = "Material"; Value = "Steel"; VariantName = "[No Variations]"
Add component (AddParameter): Name = "Max Current Rating"; Value = "1.5A"; VariantName = "[No Variations]"
Add component (AddParameter): Name = "Max DC Current"; Value = "1.5A"; VariantName = "[No Variations]"
Add component (AddParameter): Name = "Max Operating Temperature"; Value = "125°C"; VariantName = "[No Variations]"
Add component (AddParameter): Name = "Min Operating Temperature"; Value = "-55°C"; VariantName = "[No Variations]"
Add component (AddParameter): Name = "Number of Circuits"; Value = "1"; VariantName = "[No Variations]"
Add component (AddParameter): Name = "Number of Lines"; Value = "1"; VariantName = "[No Variations]"
Add component (AddParameter): Name = "Number of Pins"; Value = "2"; VariantName = "[No Variations]"
Add component (AddParameter): Name = "Package Quantity"; Value = "1"; VariantName = "[No Variations]"
Add component (AddParameter): Name = "Packaging"; Value = "Tape and Reel"; VariantName = "[No Variations]"
Add component (AddParameter): Name = "Radiation Hardening"; Value = "No"; VariantName = "[No Variations]"
Add component (AddParameter): Name = "REACH SVHC"; Value = "No SVHC"; VariantName = "[No Variations]"
Add component (AddParameter): Name = "Resistance"; Value = "90mR"; VariantName = "[No Variations]"
Add component (AddParameter): Name = "RoHS Compliant"; Value = "Yes"; VariantName = "[No Variations]"
Add component (AddParameter): Name = "Series"; Value = "BLM21P"; VariantName = "[No Variations]"
Add component (AddParameter): Name = "Shielding"; Value = "Unshielded"; VariantName = "[No Variations]"
Add component (AddParameter): Name = "Termination"; Value = "SMD/SMT"; VariantName = "[No Variations]"
Add component (AddParameter): Name = "Test Frequency"; Value = "100MHz"; VariantName = "[No Variations]"
Add component (AddParameter): Name = "Tolerance"; Value = "25%"; VariantName = "[No Variations]"
Add component (AddParameter): Name = "Width"; Value = "1.25mm"; VariantName = "[No Variations]"
Added Pin To Net: NetName=3V3 Pin=C35-1
Added Pin To Net: NetName=GND Pin=C35-2
Added Pin To Net: NetName=GND Pin=C36-2
Added Pin To Net: NetName=GND Pin=C37-2
Added Pin To Net: NetName=3V3 Pin=FB1-1
Added Pin To Net: NetName=GND Pin=IC6-3
Added Pin To Net: NetName=INA_I2C_SCL Pin=R31-2
Added Pin To Net: NetName=INA_I2C_SDA Pin=R32-2
Change Net Name : Old Net Name=NetC5_2 New Net Name=JP_SW
Change Net Name : Old Net Name=NetC31_1 New Net Name=BNO_CAP
Change Net Name : Old Net Name=NetD1_2 New Net Name=LED1_R
Change Net Name : Old Net Name=NetD2_2 New Net Name=LED2_R
Change Net Name : Old Net Name=NetD3_2 New Net Name=LED3_R
Change Net Name : Old Net Name=NetD4_2 New Net Name=LED4_R
Change Net Name : Old Net Name=NetIC2_14 New Net Name=FT231_CBUS1
Change Net Name : Old Net Name=NetIC2_15 New Net Name=FT231_CBUS0
Change Net Name : Old Net Name=NetIC3_4 New Net Name=BNO_BOOT
Change Net Name : Old Net Name=NetIC3_11 New Net Name=BNO_RESET
Change Net Name : Old Net Name=NetIC6_6 New Net Name=MS5607_SDO
Change Net Name : Old Net Name=NetIC?_7 New Net Name=VIN_MINUS
Change Net Name : Old Net Name=NetLS?_1 New Net Name=+BZ
Change Net Name : Old Net Name=NetPW1_2 New Net Name=LEDPW_R
Change Net Name : Old Net Name=NetQ?_1 New Net Name=BZ_BASE
Change Net Name : Old Net Name=NetR12_1 New Net Name=USB_CC2
Change Net Name : Old Net Name=NetR13_1 New Net Name=USB_CC1
Change Net Color : Old Net Color=RGB(158, 161, 117) New Net Color=RGB(182, 215, 168)
Change Net Color : Old Net Color=RGB(158, 161, 117) New Net Color=RGB(182, 215, 168)
Change Net Color : Old Net Color=RGB(217, 217, 217) New Net Color=RGB(204, 204, 204)
Change Net Color : Old Net Color=RGB(158, 161, 117) New Net Color=RGB(246, 178, 107)
Change Net Color : Old Net Color=RGB(158, 161, 117) New Net Color=RGB(246, 178, 107)
Change Net Color : Old Net Color=RGB(158, 161, 117) New Net Color=RGB(127, 96, 0)
Change Net Color : Old Net Color=RGB(158, 161, 117) New Net Color=RGB(204, 204, 204)
Change Net Color : Old Net Color=RGB(158, 161, 117) New Net Color=RGB(204, 204, 204)
Change Net Color : Old Net Color=RGB(158, 161, 117) New Net Color=RGB(204, 204, 204)
Change Net Color : Old Net Color=RGB(158, 161, 117) New Net Color=RGB(204, 204, 204)
Change Net Color : Old Net Color=RGB(158, 161, 117) New Net Color=RGB(183, 183, 183)
Change Net Color : Old Net Color=RGB(158, 161, 117) New Net Color=RGB(204, 204, 204)
Change Net Color : Old Net Color=RGB(158, 161, 117) New Net Color=RGB(60, 120, 216)
Change Net Color : Old Net Color=RGB(158, 161, 117) New Net Color=RGB(60, 120, 216)
Change Net Color : Old Net Color=RGB(158, 161, 117) New Net Color=RGB(60, 120, 216)
Change Net Color : Old Net Color=RGB(158, 161, 117) New Net Color=RGB(60, 120, 216)
Change Net Color : Old Net Color=RGB(158, 161, 117) New Net Color=RGB(60, 120, 216)
Change Net Color : Old Net Color=RGB(158, 161, 117) New Net Color=RGB(60, 120, 216)
Change Net Color : Old Net Color=RGB(158, 161, 117) New Net Color=RGB(60, 120, 216)
Change Net Color : Old Net Color=RGB(158, 161, 117) New Net Color=RGB(60, 120, 216)
Change Net Color : Old Net Color=RGB(158, 161, 117) New Net Color=RGB(60, 120, 216)
Change Net Color : Old Net Color=RGB(158, 161, 117) New Net Color=RGB(60, 120, 216)
Change Net Color : Old Net Color=RGB(158, 161, 117) New Net Color=RGB(60, 120, 216)
Change Net Color : Old Net Color=RGB(158, 161, 117) New Net Color=RGB(246, 178, 107)
Change Net Color : Old Net Color=RGB(158, 161, 117) New Net Color=RGB(255, 153, 0)
Change Net Color : Old Net Color=RGB(158, 161, 117) New Net Color=RGB(255, 153, 0)
Change Net Color : Old Net Color=RGB(158, 161, 117) New Net Color=RGB(91, 15, 0)
Change Net Color : Old Net Color=RGB(158, 161, 117) New Net Color=RGB(127, 96, 0)
Add Net: Net with name "BOOT0" already exists
Added Pin To Net: NetName=MS5607_CS Pin=IC6-4
Added Pin To Net: NetName=MS5607_CS Pin=R21-2
Added Net: Name=MS5607_CS
Add Net: Net with name "NRST" already exists
Add Net: Net with name "OB_I2C_SCL" already exists
Add Net: Net with name "OB_I2C_SDA" already exists
Add Net: Net with name "PWM6" already exists
Add Net: Net with name "PWM7" already exists
Add Net: Net with name "PWM8" already exists
Add Net: Net with name "PWM9" already exists
Added Pin To Net: NetName=VFILT Pin=C36-1
Added Pin To Net: NetName=VFILT Pin=FB1-2
Added Pin To Net: NetName=VFILT Pin=IC7-8
Added Net: Name=VFILT
Added Member To Class: ClassName=Support_Peripherals Member=Component C34 100nF
Added Member To Class: ClassName=Support_Peripherals Member=Component C35 100nF
Added Member To Class: ClassName=Support_Peripherals Member=Component C36 100nF
Added Member To Class: ClassName=Support_Peripherals Member=Component C38 100nF
Added Member To Class: ClassName=Support_Peripherals Member=Component FB1 120ohm
Added Member To Class: ClassName=Support_Peripherals Member=Component IC7 MAX3443EESA+
Added Member To Class: ClassName=AD_Sensors Member=Component R22 1k
Added Member To Class: ClassName=AD_Sensors Member=Component R23 1k
Added Member To Class: ClassName=Support_Peripherals Member=Component R24 10k
Added Member To Class: ClassName=Support_Peripherals Member=Component R25 120
Added Member To Class: ClassName=Support_Peripherals Member=Component R26 10k
Added Member To Class: ClassName=Support_Peripherals Member=Component R27 10k
Added Member To Class: ClassName=Support_Peripherals Member=Component R28 10k
Added Member To Class: ClassName=Support_Peripherals Member=Component R30 10k
Added Member To Class: ClassName=Support_Peripherals Member=Component R31 1k
Added Member To Class: ClassName=Support_Peripherals Member=Component R32 1k
Added Rule: Name=Schematic Supply Nets_4
