Removed Pin From Net: NetName=RF_UART_TX Pin=J7-2
Removed Pin From Net: NetName=RF_UART_RX Pin=J7-3
Removed Pin From Net: NetName=GND Pin=JP3-1
Removed Pin From Net: NetName=3V3 Pin=R22-1
Removed Pin From Net: NetName=RS485_RX_EN Pin=R22-2
Removed Member From Class: ClassName=Connectors Member=J?
Removed Member From Class: ClassName=Support_Peripherals Member=JP2
Removed Member From Class: ClassName=Support_Peripherals Member=JP3
Change Component Footprint: Designator=J7 Old Footprint=B04BPASK1LFSN_ New Footprint=353630460
Change Component Comment : Designator=J7 Old Comment=B04B-PASK-1__LF__SN_ New Comment=353630460
Change Component Designator: OldDesignator=J8 NewDesignator=J10
Change Component Designator: OldDesignator=J9 NewDesignator=J11
Change Component Designator: OldDesignator=J10 NewDesignator=J12
Change Component Designator: OldDesignator=J? NewDesignator=J8
Change Component Designator: OldDesignator=J? NewDesignator=J9
Change Component Designator: OldDesignator=J? NewDesignator=J13
Change Component Designator: OldDesignator=R23 NewDesignator=R22
Change component parameters: Designator = "J7" ("J7"); Footprint = "B04BPASK1LFSN_"; UniqueID = "\PIQRBSZG" ("\PIQRBSZG")
Change component parameters (AddParameter): Name = "Arrow Part Number"; Value = "353630460"; VariantName = "[No Variations]"
Change component parameters (AddParameter): Name = "Arrow Price/Stock"; Value = "https://www.arrow.com/en/products/35363-0460/molex?region=nac"; VariantName = "[No Variations]"
Change component parameters (AddParameter): Name = "Datasheet Link"; Value = "https://www.molex.com/pdm_docs/sd/353630260_sd.pdf"; VariantName = "[No Variations]"
Change component parameters (AddParameter): Name = "Height"; Value = "5.5mm"; VariantName = "[No Variations]"
Change component parameters (AddParameter): Name = "Manufacturer_Name"; Value = "Molex"; VariantName = "[No Variations]"
Change component parameters (AddParameter): Name = "Manufacturer_Part_Number"; Value = "353630460"; VariantName = "[No Variations]"
Change component parameters (AddParameter): Name = "Mouser Part Number"; Value = ""; VariantName = "[No Variations]"
Change component parameters (AddParameter): Name = "Mouser Price/Stock"; Value = ""; VariantName = "[No Variations]"
Added Component: Designator=R23(RESC1609X50X30NL8T20)
Add component (AddParameter): Name = "ComponentLink1Description"; Value = "Manufacturer URL"; VariantName = "[No Variations]"
Add component (AddParameter): Name = "ComponentLink1URL"; Value = "http://www.vishay.com/"; VariantName = "[No Variations]"
Add component (AddParameter): Name = "ComponentLink2Description"; Value = "Datasheet"; VariantName = "[No Variations]"
Add component (AddParameter): Name = "ComponentLink2URL"; Value = "https://datasheet.ciiva.com/11809/0900766b80d98afc-11809037.pdf"; VariantName = "[No Variations]"
Add component (AddParameter): Name = "DatasheetVersion"; Value = "06/2012"; VariantName = "[No Variations]"
Add component (AddParameter): Name = "Height"; Value = "0.45 mm"; VariantName = "[No Variations]"
Add component (AddParameter): Name = "Length"; Value = "1.55 mm"; VariantName = "[No Variations]"
Add component (AddParameter): Name = "Manufacturer"; Value = "Vishay Semiconductor"; VariantName = "[No Variations]"
Add component (AddParameter): Name = "Max Operating Temperature"; Value = "155 degC"; VariantName = "[No Variations]"
Add component (AddParameter): Name = "Min Operating Temperature"; Value = "-55 degC"; VariantName = "[No Variations]"
Add component (AddParameter): Name = "Mounting Technology"; Value = "Surface Mount"; VariantName = "[No Variations]"
Add component (AddParameter): Name = "Package Quantity"; Value = "5000"; VariantName = "[No Variations]"
Add component (AddParameter): Name = "PackageDescription"; Value = "2-Pin Surface Mount Device, Body 1.575 x 0.85 mm"; VariantName = "[No Variations]"
Add component (AddParameter): Name = "PackageReference"; Value = "0603"; VariantName = "[No Variations]"
Add component (AddParameter): Name = "Packaging"; Value = "Tape and Reel"; VariantName = "[No Variations]"
Add component (AddParameter): Name = "REACH SVHC"; Value = "Unknown"; VariantName = "[No Variations]"
Add component (AddParameter): Name = "RoHSCompliant"; Value = "true"; VariantName = "[No Variations]"
Add component (AddParameter): Name = "Voltage Rating"; Value = "75 V"; VariantName = "[No Variations]"
Added Pin To Net: NetName=RF_UART_RX Pin=J7-2
Added Pin To Net: NetName=RF_UART_TX Pin=J7-3
Added Pin To Net: NetName=GND Pin=J8-1
Added Pin To Net: NetName=GND Pin=J8-4
Added Pin To Net: NetName=PWM5 Pin=J10-1
Added Pin To Net: NetName=PWM4 Pin=J10-2
Added Pin To Net: NetName=PWM3 Pin=J10-3
Added Pin To Net: NetName=PWM2 Pin=J10-4
Added Pin To Net: NetName=PWM1 Pin=J10-5
Added Pin To Net: NetName=PWM0 Pin=J10-6
Added Pin To Net: NetName=GND Pin=J12-4
Added Pin To Net: NetName=GND Pin=J12-5
Added Pin To Net: NetName=RS485_RX_EN Pin=R23-1
Added Pin To Net: NetName=GND Pin=R23-2
Added Pin To Net: NetName=LSE_IN Pin=U1-8
Added Pin To Net: NetName=LSE_OUT Pin=U1-9
Added Pin To Net: NetName=PWM_OE# Pin=U1-14
Added Pin To Net: NetName=MOTOR_SELECT Pin=U1-19
Added Pin To Net: NetName=HSE_IN Pin=U1-23
Added Pin To Net: NetName=HSE_OUT Pin=U1-24
Added Pin To Net: NetName=NRST Pin=U1-25
Added Pin To Net: NetName=RF_UART_TX Pin=U1-36
Added Pin To Net: NetName=RF_UART_RX Pin=U1-37
Added Pin To Net: NetName=FLASH_WP Pin=U1-68
Added Pin To Net: NetName=FLASH_HOLD Pin=U1-69
Added Pin To Net: NetName=FLASH_NSS Pin=U1-73
Added Pin To Net: NetName=FLASH_SCK Pin=U1-74
Added Pin To Net: NetName=FLASH_MISO Pin=U1-75
Added Pin To Net: NetName=FLASH_MOSI Pin=U1-76
Added Pin To Net: NetName=BUZZER_TRIG Pin=U1-80
Added Pin To Net: NetName=SD_D0 Pin=U1-98
Added Pin To Net: NetName=SD_D1 Pin=U1-99
Added Pin To Net: NetName=USBDB_TX Pin=U1-101
Added Pin To Net: NetName=USBDB_RX Pin=U1-102
Added Pin To Net: NetName=SWDIO Pin=U1-105
Added Pin To Net: NetName=SWDCLK Pin=U1-109
Added Pin To Net: NetName=SD_D2 Pin=U1-111
Added Pin To Net: NetName=SD_D3 Pin=U1-112
Added Pin To Net: NetName=SD_CLK Pin=U1-113
Added Pin To Net: NetName=SD_CMD Pin=U1-116
Added Pin To Net: NetName=BNO055_INT Pin=U1-117
Added Pin To Net: NetName=LED0 Pin=U1-123
Added Pin To Net: NetName=LED1 Pin=U1-124
Added Pin To Net: NetName=LED2 Pin=U1-125
Added Pin To Net: NetName=LED2 Pin=U1-126
Added Pin To Net: NetName=RS485_TX_EN Pin=U1-128
Added Pin To Net: NetName=RS485_RX_EN Pin=U1-129
Added Pin To Net: NetName=MAX3443_RX Pin=U1-133
Added Pin To Net: NetName=MAX3443_TX Pin=U1-134
Added Pin To Net: NetName=BOOT0 Pin=U1-138
Added Pin To Net: NetName=GND Pin=U2-22
Change Net Color : Old Net Color=RGB(158, 161, 117) New Net Color=RGB(234, 209, 220)
Change Net Color : Old Net Color=RGB(158, 161, 117) New Net Color=RGB(234, 209, 220)
Change Net Color : Old Net Color=RGB(158, 161, 117) New Net Color=RGB(234, 209, 220)
Change Net Color : Old Net Color=RGB(158, 161, 117) New Net Color=RGB(204, 65, 37)
Change Net Color : Old Net Color=RGB(60, 120, 216) New Net Color=RGB(204, 65, 37)
Change Net Color : Old Net Color=RGB(60, 120, 216) New Net Color=RGB(204, 65, 37)
Change Net Color : Old Net Color=RGB(60, 120, 216) New Net Color=RGB(204, 65, 37)
Change Net Color : Old Net Color=RGB(60, 120, 216) New Net Color=RGB(204, 65, 37)
Change Net Color : Old Net Color=RGB(158, 161, 117) New Net Color=RGB(147, 196, 125)
Change Net Color : Old Net Color=RGB(158, 161, 117) New Net Color=RGB(32, 18, 77)
Change Net Color : Old Net Color=RGB(158, 161, 117) New Net Color=RGB(32, 18, 77)
Change Net Color : Old Net Color=RGB(158, 161, 117) New Net Color=Fuchsia
Change Net Color : Old Net Color=RGB(158, 161, 117) New Net Color=Fuchsia
Added Pin To Net: NetName=BR1_I2C_SCL Pin=J11-1
Added Pin To Net: NetName=BR1_I2C_SCL Pin=U1-139
Added Net: Name=BR1_I2C_SCL
Added Pin To Net: NetName=BR1_I2C_SDA Pin=J11-2
Added Pin To Net: NetName=BR1_I2C_SDA Pin=U1-137
Added Net: Name=BR1_I2C_SDA
Added Pin To Net: NetName=BR1_UART_RX Pin=J13-1
Added Pin To Net: NetName=BR1_UART_RX Pin=U1-135
Added Pin To Net: NetName=BR1_UART_RX Pin=U1-136
Added Net: Name=BR1_UART_RX
Added Pin To Net: NetName=BR1_UART_TX Pin=J13-2
Added Net: Name=BR1_UART_TX
Added Pin To Net: NetName=BR2_I2C_SCL Pin=J11-3
Added Pin To Net: NetName=BR2_I2C_SCL Pin=U1-11
Added Pin To Net: NetName=BR2_I2C_SCL Pin=U1-54
Added Net: Name=BR2_I2C_SCL
Added Pin To Net: NetName=BR2_I2C_SDA Pin=J11-4
Added Pin To Net: NetName=BR2_I2C_SDA Pin=U1-10
Added Pin To Net: NetName=BR2_I2C_SDA Pin=U1-55
Added Net: Name=BR2_I2C_SDA
Added Pin To Net: NetName=BR2_UART_RX Pin=J13-3
Added Pin To Net: NetName=BR2_UART_RX Pin=U1-141
Added Net: Name=BR2_UART_RX
Added Pin To Net: NetName=BR2_UART_TX Pin=J13-4
Added Pin To Net: NetName=BR2_UART_TX Pin=U1-142
Added Net: Name=BR2_UART_TX
Added Pin To Net: NetName=BR_SPI_CLK Pin=J9-3
Added Pin To Net: NetName=BR_SPI_CLK Pin=U1-41
Added Net: Name=BR_SPI_CLK
Added Pin To Net: NetName=BR_SPI_MISO Pin=J9-2
Added Pin To Net: NetName=BR_SPI_MISO Pin=U1-42
Added Net: Name=BR_SPI_MISO
Added Pin To Net: NetName=BR_SPI_MOSI Pin=J9-1
Added Pin To Net: NetName=BR_SPI_MOSI Pin=U1-43
Added Net: Name=BR_SPI_MOSI
Added Pin To Net: NetName=BR_SPI_NSS Pin=J9-4
Added Pin To Net: NetName=BR_SPI_NSS Pin=U1-40
Added Net: Name=BR_SPI_NSS
Added Pin To Net: NetName=GNSS_UART_RX Pin=J8-2
Added Pin To Net: NetName=GNSS_UART_RX Pin=U1-35
Added Net: Name=GNSS_UART_RX
Added Pin To Net: NetName=GNSS_UART_TX Pin=J8-3
Added Pin To Net: NetName=GNSS_UART_TX Pin=U1-34
Added Net: Name=GNSS_UART_TX
Added Pin To Net: NetName=GPIO0 Pin=J12-1
Added Pin To Net: NetName=GPIO0 Pin=U1-1
Added Net: Name=GPIO0
Added Pin To Net: NetName=GPIO1 Pin=J12-2
Added Pin To Net: NetName=GPIO1 Pin=U1-2
Added Net: Name=GPIO1
Added Pin To Net: NetName=GPIO2 Pin=J12-3
Added Pin To Net: NetName=GPIO2 Pin=U1-3
Added Net: Name=GPIO2
Added Pin To Net: NetName=GPIO3 Pin=J12-6
Added Pin To Net: NetName=GPIO3 Pin=U1-4
Added Net: Name=GPIO3
Added Pin To Net: NetName=GPIO4 Pin=J12-7
Added Pin To Net: NetName=GPIO4 Pin=U1-5
Added Net: Name=GPIO4
Added Pin To Net: NetName=GPIO5 Pin=J12-8
Added Pin To Net: NetName=GPIO5 Pin=U1-7
Added Net: Name=GPIO5
Added Member To Class: ClassName=Connectors Member=Component J11 353630460
Added Member To Class: ClassName=Connectors Member=Component J12 35363-0860
Added Member To Class: ClassName=Connectors Member=Component J13 353630460
