Removed Pin From Net: NetName=3V3 Pin=D6-2
Removed Pin From Net: NetName=3V3 Pin=D7-2
Removed Pin From Net: NetName=OB_I2C_SCL Pin=JP2-1
Removed Member From Class: ClassName=Programming_Interface Member=D6
Removed Member From Class: ClassName=Programming_Interface Member=D7
Removed Member From Class: ClassName=Memory Member=J6
Removed Member From Class: ClassName=Support_Peripherals Member=J6
Removed Member From Class: ClassName=Programming_Interface Member=R8
Removed Member From Class: ClassName=Programming_Interface Member=R10
Removed Member From Class: ClassName=Memory Member=R31
Added Pin To Net: NetName=PCA_EXTCLK Pin=JP2-1
Added Net: Name=PCA_EXTCLK
Added Member To Class: ClassName=Support_Peripherals Member=Component J4 B02B-XASK-1_LF_SN
Added Member To Class: ClassName=Memory Member=Component J5 693072010801
Added Member To Class: ClassName=Support_Peripherals Member=Component R28 10k
Added Member To Class: ClassName=Support_Peripherals Member=Component R30 1k
Added Member To Class: ClassName=Support_Peripherals Member=Component R31 1k
Added Member To Class: ClassName=Memory Member=Component R32 10k
Added Member To Class: ClassName=Memory Member=Component R33 10k
Added Member To Class: ClassName=Memory Member=Component R35 10k
Added Member To Class: ClassName=Memory Member=Component R37 10k
